
 Start  Stop   Length Name                   Class            Group
 00000H 0F7DFH 0F7E0H CODE                   CODE

 Origin   Group

  Address         Publics by Value

 0000:01A4       PRINCESS_PROC
 0000:01C0       MAINLOOP
 0000:03C1       MAINEXTRN
 0000:06E0       CHARTABLE
 0000:2F10       CHIPTABLE
 0000:9980       SMAPINIT
 0000:99C9       SMAPCHNG
 0000:9A44       SMAPLOAD
 0000:9A63       SMAPSAVE
 0000:9A82       SMAPPUTS
 0000:9AB7       SMAPMOVS
 0000:9B1B       SMAPIVNT
 0000:9C61       SMAPIVAC
 0000:9CAC       SMAPRWRT
 0000:9CB6       SMAPCHKS
 0000:9D1D       SMAPGETC
 0000:9D37       SMAPPUTC
 0000:A100       MOVECHK_FREE
 0000:A114       PUTXX
 0000:A116       PUTYY
 0000:A118       PUTNM
 0000:A11A       CHRNM
 0000:A3F0       NOWXX
 0000:A3F2       NOWYY
 0000:A3FC       DIRXX
 0000:A3FE       DIRYY
 0000:A400       VIWXX
 0000:A402       VIWYY
 0000:A404       VIWCHP
 0000:A450       SCHIPPUT
 0000:A496       SCHIPCHR
 0000:A4AB       SCHIPCR2
 0000:A620       PRNAH
 0000:A65B       PRINT
 0000:A672       DECSTR
 0000:A6A9       INPUT
 0000:A6DF       STRDEC
 0000:A719       HEXSTR
 0000:A75B       STRHEX
 0000:A788       BINSTR
 0000:A7B4       STRBIN
 0000:A7D1       STRCMP
 0000:A7E3       CLS
 0000:A7F9       CSLON
 0000:A800       CSLOFF
 0000:A807       INPCHR
 0000:A812       CHPUT
 0000:A81F       KESCAP
 0000:A861       KEYLOD
 0000:A871       PRNAB
 0000:A885       LOCATE
 0000:A889       LFPRN
 0000:A892       D10STR
 0000:A8D7       STRZTS
 0000:A8F3       STRSPL
 0000:A92A       CRTOFF
 0000:A92C       INPUTOFF
 0000:AA70       CCCIN
 0000:AA88       CCCOUT
 0000:AAA4       CCCRD
 0000:AAB8       CCCLOC
 0000:ADA0       MUSREDX
 0000:ADB5       MUSWATX
 0000:ADD4       TIMER
 0000:AE20       MUSINI
 0000:AE33       MUSRED
 0000:AE55       MUSSTP
 0000:AE66       MUSWAT
 0000:B154       MUSDRX
 0000:B156       MUSDRY
 0000:B17C       IN_7220_GDC_PORT
 0000:B17E       OUT_7220_GDC_PORT
 0000:B180       IN_8259_PORT
 0000:B182       OUT_8259_PORT
 0000:B184       IN_8255_PORT
 0000:B186       OUT_8255_PORT
 0000:B188       IN_8251_PORT
 0000:B18A       OUT_8251_PORT
 0000:B190       BIGMAP
 0000:E070       BIGMAP2
